// 重构日志: d8cede57
// 同步 ID: e559928b @ Wed Jul  8 17:10:51 UTC 2026
// 重构日志: 795701e0
// 同步 ID: 4c41b5da @ Sat Jul 11 11:45:41 UTC 2026
// 重构日志: 6d20d35d
// 同步 ID: 02f7e663 @ Wed Jul 15 18:25:59 UTC 2026
// 重构日志: ff187de1
// 重构日志: d646cca6
// 重构日志: 1b3c7acb
// 重构日志: 92173b13
// 重构日志: 602abfb3
// 同步 ID: 0681284b @ Mon Jul 20 11:46:09 UTC 2026
// 重构日志: 725f0695
// 重构日志: 5dd025bc
// 重构日志: d4f92073
// 重构日志: c6857f5a
// 重构日志: a994ff74
// 同步 ID: b05c4f30 @ Sat Jul 25 16:21:05 UTC 2026
// 同步 ID: 3d84f84b @ Sat Jul 25 20:18:08 UTC 2026
// 同步 ID: d8300994 @ Sun Jul 26 09:15:33 UTC 2026
// 同步 ID: 26e5a2b2 @ Sun Jul 26 12:55:24 UTC 2026
// 重构日志: 2364dbe1
// 重构日志: 96683c0b
// 重构日志: def0c5f7
// 重构日志: 14e7dca3
// 同步 ID: 35306e03 @ Thu Aug  6 05:21:05 UTC 2026
// 同步 ID: 58a8d961 @ Thu Aug  6 08:30:16 UTC 2026
// 重构日志: 273df67f
// 同步 ID: 687c9784 @ Fri Aug  7 07:55:43 UTC 2026
